Device cuda (torch.bfloat16) | backbone convnext_tiny | image 256px | 1000 answers | 1443 words
train 79,163 (answer in vocabulary) | dev 4,340
  [1][200/1236] loss 6.5017
  [1][400/1236] loss 5.8794
  [1][600/1236] loss 5.3974
  [1][800/1236] loss 5.0195
  [1][1000/1236] loss 4.7039
  [1][1200/1236] loss 4.4426
Epoch 1/12  loss 4.4016  dev acc 43.96%  [278s]  * best
  [2][200/1236] loss 2.9016
  [2][400/1236] loss 2.8316
  [2][600/1236] loss 2.7591
  [2][800/1236] loss 2.7029
  [2][1000/1236] loss 2.6584
  [2][1200/1236] loss 2.6232
Epoch 2/12  loss 2.6165  dev acc 52.05%  [234s]  * best
  [3][200/1236] loss 2.3065
  [3][400/1236] loss 2.2763
  [3][600/1236] loss 2.2811
  [3][800/1236] loss 2.2686
  [3][1000/1236] loss 2.2614
  [3][1200/1236] loss 2.2461
Epoch 3/12  loss 2.2441  dev acc 54.93%  [243s]  * best
  [4][200/1236] loss 2.0983
  [4][400/1236] loss 2.0813
  [4][600/1236] loss 2.0729
  [4][800/1236] loss 2.0644
  [4][1000/1236] loss 2.0604
  [4][1200/1236] loss 2.0602
Epoch 4/12  loss 2.0606  dev acc 56.13%  [238s]  * best
  [5][200/1236] loss 1.9406
  [5][400/1236] loss 1.9487
  [5][600/1236] loss 1.9452
  [5][800/1236] loss 1.9384
  [5][1000/1236] loss 1.9350
  [5][1200/1236] loss 1.9316
Epoch 5/12  loss 1.9328  dev acc 56.13%  [238s]
  [6][200/1236] loss 1.8450
  [6][400/1236] loss 1.8423
  [6][600/1236] loss 1.8368
  [6][800/1236] loss 1.8293
  [6][1000/1236] loss 1.8299
  [6][1200/1236] loss 1.8290
Epoch 6/12  loss 1.8288  dev acc 56.54%  [238s]  * best
  [7][200/1236] loss 1.7526
  [7][400/1236] loss 1.7415
  [7][600/1236] loss 1.7409
  [7][800/1236] loss 1.7471
  [7][1000/1236] loss 1.7449
  [7][1200/1236] loss 1.7450
Epoch 7/12  loss 1.7442  dev acc 57.17%  [238s]  * best
  [8][200/1236] loss 1.6882
  [8][400/1236] loss 1.6813
  [8][600/1236] loss 1.6746
  [8][800/1236] loss 1.6747
  [8][1000/1236] loss 1.6737
  [8][1200/1236] loss 1.6729
Epoch 8/12  loss 1.6738  dev acc 56.84%  [238s]
  [9][200/1236] loss 1.6101
  [9][400/1236] loss 1.6208
  [9][600/1236] loss 1.6171
  [9][800/1236] loss 1.6214
  [9][1000/1236] loss 1.6231
  [9][1200/1236] loss 1.6219
Epoch 9/12  loss 1.6218  dev acc 56.57%  [238s]
  [10][200/1236] loss 1.5707
  [10][400/1236] loss 1.5768
  [10][600/1236] loss 1.5885
  [10][800/1236] loss 1.5884
  [10][1000/1236] loss 1.5836
  [10][1200/1236] loss 1.5847
Epoch 10/12  loss 1.5837  dev acc 56.54%  [237s]
  [11][200/1236] loss 1.5657
